// Jest Snapshot v1, https://goo.gl/fbAQLP

exports[`renders correctly 1`] = `
<div
  className="search"
>
  <input
    className="sc-gsnTZi DXVWH"
    onChange={[Function]}
    placeholder="Topic..."
    type="text"
    value=""
  />
  <button
    className="sc-bczRLJ hrGClw"
    onClick={[Function]}
  >
    Search
  </button>
</div>
`;
